Archive member included to satisfy reference by file (symbol)

c:/program files/microchip/xc8/v2.46/avr/bin/../lib/gcc/avr/5.4.0/avrxmega3/short-calls\libgcc.a(_copy_data.o)
                              build/default/debug/mcc_generated_files/system/src/config_bits.o (__do_copy_data)
c:/program files/microchip/xc8/v2.46/avr/bin/../lib/gcc/avr/5.4.0/avrxmega3/short-calls\libgcc.a(_divdi3.o)
                              build/default/debug/main.o (__divdi3)
c:/program files/microchip/xc8/v2.46/avr/bin/../lib/gcc/avr/5.4.0/avrxmega3/short-calls\libgcc.a(_udivdi3.o)
                              c:/program files/microchip/xc8/v2.46/avr/bin/../lib/gcc/avr/5.4.0/avrxmega3/short-calls\libgcc.a(_divdi3.o) (__udivdi3_umoddi3)
c:/program files/microchip/xc8/v2.46/avr/bin/../lib/gcc/avr/5.4.0/avrxmega3/short-calls\libgcc.a(_udivmod64.o)
                              c:/program files/microchip/xc8/v2.46/avr/bin/../lib/gcc/avr/5.4.0/avrxmega3/short-calls\libgcc.a(_divdi3.o) (__udivmod64)
c:/program files/microchip/xc8/v2.46/avr/bin/../lib/gcc/avr/5.4.0/avrxmega3/short-calls\libgcc.a(_negdi2.o)
                              c:/program files/microchip/xc8/v2.46/avr/bin/../lib/gcc/avr/5.4.0/avrxmega3/short-calls\libgcc.a(_divdi3.o) (__negdi2)
c:/program files/microchip/xc8/v2.46/avr/bin/../lib/gcc/avr/5.4.0/avrxmega3/short-calls\libgcc.a(_prologue.o)
                              c:/program files/microchip/xc8/v2.46/avr/bin/../lib/gcc/avr/5.4.0/avrxmega3/short-calls\libgcc.a(_divdi3.o) (__prologue_saves__)
c:/program files/microchip/xc8/v2.46/avr/bin/../lib/gcc/avr/5.4.0/avrxmega3/short-calls\libgcc.a(_epilogue.o)
                              c:/program files/microchip/xc8/v2.46/avr/bin/../lib/gcc/avr/5.4.0/avrxmega3/short-calls\libgcc.a(_divdi3.o) (__epilogue_restores__)
c:/program files/microchip/xc8/v2.46/avr/bin/../lib/gcc/avr/5.4.0/avrxmega3/short-calls\libgcc.a(_ashldi3.o)
                              build/default/debug/main.o (__ashldi3)
c:/program files/microchip/xc8/v2.46/avr/bin/../lib/gcc/avr/5.4.0/avrxmega3/short-calls\libgcc.a(_ashrdi3.o)
                              build/default/debug/main.o (__ashrdi3)
c:/program files/microchip/xc8/v2.46/avr/bin/../lib/gcc/avr/5.4.0/avrxmega3/short-calls\libgcc.a(_adddi3.o)
                              build/default/debug/main.o (__adddi3)
c:/program files/microchip/xc8/v2.46/avr/bin/../lib/gcc/avr/5.4.0/avrxmega3/short-calls\libgcc.a(_subdi3.o)
                              build/default/debug/main.o (__subdi3)
c:/program files/microchip/xc8/v2.46/avr/bin/../lib/gcc/avr/5.4.0/../../../../avr/lib/avrxmega3/short-calls\libc.a(exit.o)
                              C:/Program Files/Microchip/MPLABX/v6.20/packs/Microchip/ATtiny_DFP/3.1.260/xc8/avr/lib/avrxmega3/short-calls/crtattiny212.o (exit)
c:/program files/microchip/xc8/v2.46/avr/bin/../lib/gcc/avr/5.4.0/../../../../avr/lib/avrxmega3/short-calls\libc.a(_Exit.o)
                              c:/program files/microchip/xc8/v2.46/avr/bin/../lib/gcc/avr/5.4.0/../../../../avr/lib/avrxmega3/short-calls\libc.a(exit.o) (_Exit)
c:/program files/microchip/xc8/v2.46/avr/bin/../lib/gcc/avr/5.4.0/avrxmega3/short-calls\libgcc.a(_exit.o)
                              c:/program files/microchip/xc8/v2.46/avr/bin/../lib/gcc/avr/5.4.0/../../../../avr/lib/avrxmega3/short-calls\libc.a(_Exit.o) (_exit)

Discarded input sections

 .data          0x0000000000000000        0x0 C:/Program Files/Microchip/MPLABX/v6.20/packs/Microchip/ATtiny_DFP/3.1.260/xc8/avr/lib/avrxmega3/short-calls/crtattiny212.o
 .bss           0x0000000000000000        0x0 C:/Program Files/Microchip/MPLABX/v6.20/packs/Microchip/ATtiny_DFP/3.1.260/xc8/avr/lib/avrxmega3/short-calls/crtattiny212.o
 .text          0x0000000000000000        0x0 build/default/debug/mcc_generated_files/adc/src/adc0.o
 .data          0x0000000000000000        0x0 build/default/debug/mcc_generated_files/adc/src/adc0.o
 .bss           0x0000000000000000        0x0 build/default/debug/mcc_generated_files/adc/src/adc0.o
 .text.ADC0_Enable
                0x0000000000000000        0xc build/default/debug/mcc_generated_files/adc/src/adc0.o
 .text.ADC0_Disable
                0x0000000000000000        0xc build/default/debug/mcc_generated_files/adc/src/adc0.o
 .text.ADC0_EnableAutoTrigger
                0x0000000000000000        0xc build/default/debug/mcc_generated_files/adc/src/adc0.o
 .text.ADC0_DisableAutoTrigger
                0x0000000000000000        0xc build/default/debug/mcc_generated_files/adc/src/adc0.o
 .text.ADC0_SetWindowHigh
                0x0000000000000000        0xa build/default/debug/mcc_generated_files/adc/src/adc0.o
 .text.ADC0_SetWindowLow
                0x0000000000000000        0xa build/default/debug/mcc_generated_files/adc/src/adc0.o
 .text.ADC0_SetWindowMode
                0x0000000000000000        0x6 build/default/debug/mcc_generated_files/adc/src/adc0.o
 .text.ADC0_SetWindowChannel
                0x0000000000000000        0x6 build/default/debug/mcc_generated_files/adc/src/adc0.o
 .text.ADC0_StartConversion
                0x0000000000000000        0xc build/default/debug/mcc_generated_files/adc/src/adc0.o
 .text.ADC0_IsConversionDone
                0x0000000000000000        0x8 build/default/debug/mcc_generated_files/adc/src/adc0.o
 .text.ADC0_GetWindowResult
                0x0000000000000000       0x10 build/default/debug/mcc_generated_files/adc/src/adc0.o
 .text.ADC0_GetResolution
                0x0000000000000000       0x10 build/default/debug/mcc_generated_files/adc/src/adc0.o
 .text.ADC0_RegisterWindowCallback
                0x0000000000000000        0xa build/default/debug/mcc_generated_files/adc/src/adc0.o
 .text.ADC0_RegisterResrdyCallback
                0x0000000000000000        0xa build/default/debug/mcc_generated_files/adc/src/adc0.o
 .text          0x0000000000000000        0x0 build/default/debug/mcc_generated_files/dac/src/dac0.o
 .data          0x0000000000000000        0x0 build/default/debug/mcc_generated_files/dac/src/dac0.o
 .bss           0x0000000000000000        0x0 build/default/debug/mcc_generated_files/dac/src/dac0.o
 .text.DAC0_Enable
                0x0000000000000000        0xc build/default/debug/mcc_generated_files/dac/src/dac0.o
 .text.DAC0_Disable
                0x0000000000000000        0xc build/default/debug/mcc_generated_files/dac/src/dac0.o
 .text.DAC0_GetResolution
                0x0000000000000000        0x4 build/default/debug/mcc_generated_files/dac/src/dac0.o
 .text          0x0000000000000000        0x0 build/default/debug/mcc_generated_files/system/src/clock.o
 .data          0x0000000000000000        0x0 build/default/debug/mcc_generated_files/system/src/clock.o
 .bss           0x0000000000000000        0x0 build/default/debug/mcc_generated_files/system/src/clock.o
 .text          0x0000000000000000        0x0 build/default/debug/mcc_generated_files/system/src/system.o
 .data          0x0000000000000000        0x0 build/default/debug/mcc_generated_files/system/src/system.o
 .bss           0x0000000000000000        0x0 build/default/debug/mcc_generated_files/system/src/system.o
 .text          0x0000000000000000        0x0 build/default/debug/mcc_generated_files/system/src/config_bits.o
 .data          0x0000000000000000        0x0 build/default/debug/mcc_generated_files/system/src/config_bits.o
 .bss           0x0000000000000000        0x0 build/default/debug/mcc_generated_files/system/src/config_bits.o
 .text          0x0000000000000000        0x0 build/default/debug/mcc_generated_files/system/src/pins.o
 .data          0x0000000000000000        0x0 build/default/debug/mcc_generated_files/system/src/pins.o
 .bss           0x0000000000000000        0x0 build/default/debug/mcc_generated_files/system/src/pins.o
 .text.IO_PA6_SetInterruptHandler
                0x0000000000000000        0xa build/default/debug/mcc_generated_files/system/src/pins.o
 .text.IO_PA2_SetInterruptHandler
                0x0000000000000000        0xa build/default/debug/mcc_generated_files/system/src/pins.o
 .text.IO_PA3_SetInterruptHandler
                0x0000000000000000        0xa build/default/debug/mcc_generated_files/system/src/pins.o
 .text.IO_PA1_SetInterruptHandler
                0x0000000000000000        0xa build/default/debug/mcc_generated_files/system/src/pins.o
 .text.IO_PA7_SetInterruptHandler
                0x0000000000000000        0xa build/default/debug/mcc_generated_files/system/src/pins.o
 .text          0x0000000000000000        0x0 build/default/debug/mcc_generated_files/system/src/interrupt.o
 .data          0x0000000000000000        0x0 build/default/debug/mcc_generated_files/system/src/interrupt.o
 .bss           0x0000000000000000        0x0 build/default/debug/mcc_generated_files/system/src/interrupt.o
 .text          0x0000000000000000        0x0 build/default/debug/mcc_generated_files/system/src/protected_io.o
 .data          0x0000000000000000        0x0 build/default/debug/mcc_generated_files/system/src/protected_io.o
 .bss           0x0000000000000000        0x0 build/default/debug/mcc_generated_files/system/src/protected_io.o
 .text          0x0000000000000000        0x0 build/default/debug/mcc_generated_files/timer/src/delay.o
 .data          0x0000000000000000        0x0 build/default/debug/mcc_generated_files/timer/src/delay.o
 .bss           0x0000000000000000        0x0 build/default/debug/mcc_generated_files/timer/src/delay.o
 .text          0x0000000000000000        0x0 build/default/debug/mcc_generated_files/timer/src/tca0.o
 .data          0x0000000000000000        0x0 build/default/debug/mcc_generated_files/timer/src/tca0.o
 .bss           0x0000000000000000        0x0 build/default/debug/mcc_generated_files/timer/src/tca0.o
 .text.TCA0_Stop
                0x0000000000000000        0xc build/default/debug/mcc_generated_files/timer/src/tca0.o
 .text.TCA0_Write
                0x0000000000000000        0xa build/default/debug/mcc_generated_files/timer/src/tca0.o
 .text.TCA0_DefaultCompare0CallbackRegister
                0x0000000000000000        0x2 build/default/debug/mcc_generated_files/timer/src/tca0.o
 .text.TCA0_DefaultCompare1CallbackRegister
                0x0000000000000000        0x2 build/default/debug/mcc_generated_files/timer/src/tca0.o
 .text.TCA0_DefaultCompare2CallbackRegister
                0x0000000000000000        0x2 build/default/debug/mcc_generated_files/timer/src/tca0.o
 .text.TCA0_Compare0CallbackRegister
                0x0000000000000000        0xa build/default/debug/mcc_generated_files/timer/src/tca0.o
 .text.TCA0_Compare1CallbackRegister
                0x0000000000000000        0xa build/default/debug/mcc_generated_files/timer/src/tca0.o
 .text.TCA0_Compare2CallbackRegister
                0x0000000000000000        0xa build/default/debug/mcc_generated_files/timer/src/tca0.o
 .text.TCA0_Read
                0x0000000000000000        0xa build/default/debug/mcc_generated_files/timer/src/tca0.o
 .text.TCA0_EnableInterrupt
                0x0000000000000000        0x8 build/default/debug/mcc_generated_files/timer/src/tca0.o
 .text.TCA0_DisableInterrupt
                0x0000000000000000        0x6 build/default/debug/mcc_generated_files/timer/src/tca0.o
 .text.TCA0_ClearOverflowInterruptFlag
                0x0000000000000000        0x8 build/default/debug/mcc_generated_files/timer/src/tca0.o
 .text.TCA0_IsOverflowInterruptFlagSet
                0x0000000000000000        0xe build/default/debug/mcc_generated_files/timer/src/tca0.o
 .text.TCA0_ClearCMP0InterruptFlag
                0x0000000000000000        0x8 build/default/debug/mcc_generated_files/timer/src/tca0.o
 .text.TCA0_IsCMP0InterruptFlagSet
                0x0000000000000000        0xe build/default/debug/mcc_generated_files/timer/src/tca0.o
 .text.TCA0_ClearCMP1InterruptFlag
                0x0000000000000000        0x8 build/default/debug/mcc_generated_files/timer/src/tca0.o
 .text.TCA0_IsCMP1InterruptFlagSet
                0x0000000000000000        0xe build/default/debug/mcc_generated_files/timer/src/tca0.o
 .text.TCA0_ClearCMP2InterruptFlag
                0x0000000000000000        0x8 build/default/debug/mcc_generated_files/timer/src/tca0.o
 .text.TCA0_IsCMP2InterruptFlagSet
                0x0000000000000000        0xe build/default/debug/mcc_generated_files/timer/src/tca0.o
 .text.TCA0_WaveformFreqRegCountSet
                0x0000000000000000        0xa build/default/debug/mcc_generated_files/timer/src/tca0.o
 .text.TCA0_WaveformFreqRegCountGet
                0x0000000000000000        0xa build/default/debug/mcc_generated_files/timer/src/tca0.o
 .text.TCA0_WO1OffsetRegCountSet
                0x0000000000000000        0xa build/default/debug/mcc_generated_files/timer/src/tca0.o
 .text.TCA0_WO1OffsetRegCountGet
                0x0000000000000000        0xa build/default/debug/mcc_generated_files/timer/src/tca0.o
 .text.TCA0_WO2OffsetRegCountSet
                0x0000000000000000        0xa build/default/debug/mcc_generated_files/timer/src/tca0.o
 .text.TCA0_WO2OffsetRegCountGet
                0x0000000000000000        0xa build/default/debug/mcc_generated_files/timer/src/tca0.o
 .text.TCA0CounterSet
                0x0000000000000000        0xa build/default/debug/mcc_generated_files/timer/src/tca0.o
 .text.TCA0CounterGet
                0x0000000000000000        0xa build/default/debug/mcc_generated_files/timer/src/tca0.o
 .text.TCA0_Compare0Set
                0x0000000000000000        0xa build/default/debug/mcc_generated_files/timer/src/tca0.o
 .text.TCA0_Compare1Set
                0x0000000000000000        0xa build/default/debug/mcc_generated_files/timer/src/tca0.o
 .text.TCA0_Compare2Set
                0x0000000000000000        0xa build/default/debug/mcc_generated_files/timer/src/tca0.o
 .text.TCA0_ModeSet
                0x0000000000000000       0x22 build/default/debug/mcc_generated_files/timer/src/tca0.o
 .data.TCA0_CMP2_isr_cb
                0x0000000000000000        0x2 build/default/debug/mcc_generated_files/timer/src/tca0.o
 .data.TCA0_CMP1_isr_cb
                0x0000000000000000        0x2 build/default/debug/mcc_generated_files/timer/src/tca0.o
 .data.TCA0_CMP0_isr_cb
                0x0000000000000000        0x2 build/default/debug/mcc_generated_files/timer/src/tca0.o
 .rodata.TCA0_Interface
                0x0000000000000000        0xc build/default/debug/mcc_generated_files/timer/src/tca0.o
 .text          0x0000000000000000        0x0 build/default/debug/mcc_generated_files/vref/src/vref.o
 .data          0x0000000000000000        0x0 build/default/debug/mcc_generated_files/vref/src/vref.o
 .bss           0x0000000000000000        0x0 build/default/debug/mcc_generated_files/vref/src/vref.o
 .text          0x0000000000000000        0x0 build/default/debug/main.o
 .data          0x0000000000000000        0x0 build/default/debug/main.o
 .bss           0x0000000000000000        0x0 build/default/debug/main.o
 .text.VoltageToDAC_FP
                0x0000000000000000       0x92 build/default/debug/main.o
 .text.ADCToVoltage_FP
                0x0000000000000000       0x36 build/default/debug/main.o
 .text.PB_State
                0x0000000000000000       0x28 build/default/debug/main.o
 .text.Tick_ControllerUpdate
                0x0000000000000000       0xf0 build/default/debug/main.o
 .bss.error_sum_10b_fb.3899
                0x0000000000000000        0x4 build/default/debug/main.o
 .bss.result_fp_m
                0x0000000000000000        0x4 build/default/debug/main.o
 .bss.pb_pressed_state
                0x0000000000000000        0x1 build/default/debug/main.o
 .bss.pb_toggle_state
                0x0000000000000000        0x1 build/default/debug/main.o
 .text          0x0000000000000000        0x0 build/default/debug/rios.o
 .data          0x0000000000000000        0x0 build/default/debug/rios.o
 .bss           0x0000000000000000        0x0 build/default/debug/rios.o
 .text          0x0000000000000000        0x0 build/default/debug/fault.o
 .data          0x0000000000000000        0x0 build/default/debug/fault.o
 .bss           0x0000000000000000        0x0 build/default/debug/fault.o
 .text          0x0000000000000000        0x0 c:/program files/microchip/xc8/v2.46/avr/bin/../lib/gcc/avr/5.4.0/avrxmega3/short-calls\libgcc.a(_copy_data.o)
 .data          0x0000000000000000        0x0 c:/program files/microchip/xc8/v2.46/avr/bin/../lib/gcc/avr/5.4.0/avrxmega3/short-calls\libgcc.a(_copy_data.o)
 .bss           0x0000000000000000        0x0 c:/program files/microchip/xc8/v2.46/avr/bin/../lib/gcc/avr/5.4.0/avrxmega3/short-calls\libgcc.a(_copy_data.o)
 .text.libgcc.mul
                0x0000000000000000        0x0 c:/program files/microchip/xc8/v2.46/avr/bin/../lib/gcc/avr/5.4.0/avrxmega3/short-calls\libgcc.a(_copy_data.o)
 .text.libgcc.div
                0x0000000000000000        0x0 c:/program files/microchip/xc8/v2.46/avr/bin/../lib/gcc/avr/5.4.0/avrxmega3/short-calls\libgcc.a(_copy_data.o)
 .text.libgcc   0x0000000000000000        0x0 c:/program files/microchip/xc8/v2.46/avr/bin/../lib/gcc/avr/5.4.0/avrxmega3/short-calls\libgcc.a(_copy_data.o)
 .text.libgcc.prologue
                0x0000000000000000        0x0 c:/program files/microchip/xc8/v2.46/avr/bin/../lib/gcc/avr/5.4.0/avrxmega3/short-calls\libgcc.a(_copy_data.o)
 .text.libgcc.builtins
                0x0000000000000000        0x0 c:/program files/microchip/xc8/v2.46/avr/bin/../lib/gcc/avr/5.4.0/avrxmega3/short-calls\libgcc.a(_copy_data.o)
 .text.libgcc.fmul
                0x0000000000000000        0x0 c:/program files/microchip/xc8/v2.46/avr/bin/../lib/gcc/avr/5.4.0/avrxmega3/short-calls\libgcc.a(_copy_data.o)
 .text.libgcc.fixed
                0x0000000000000000        0x0 c:/program files/microchip/xc8/v2.46/avr/bin/../lib/gcc/avr/5.4.0/avrxmega3/short-calls\libgcc.a(_copy_data.o)
 .text          0x0000000000000000        0x0 c:/program files/microchip/xc8/v2.46/avr/bin/../lib/gcc/avr/5.4.0/avrxmega3/short-calls\libgcc.a(_divdi3.o)
 .data          0x0000000000000000        0x0 c:/program files/microchip/xc8/v2.46/avr/bin/../lib/gcc/avr/5.4.0/avrxmega3/short-calls\libgcc.a(_divdi3.o)
 .bss           0x0000000000000000        0x0 c:/program files/microchip/xc8/v2.46/avr/bin/../lib/gcc/avr/5.4.0/avrxmega3/short-calls\libgcc.a(_divdi3.o)
 .text.libgcc.mul
                0x0000000000000000        0x0 c:/program files/microchip/xc8/v2.46/avr/bin/../lib/gcc/avr/5.4.0/avrxmega3/short-calls\libgcc.a(_divdi3.o)
 .stack.descriptors
                0x0000000000000000       0x49 c:/program files/microchip/xc8/v2.46/avr/bin/../lib/gcc/avr/5.4.0/avrxmega3/short-calls\libgcc.a(_divdi3.o)
 .text.libgcc   0x0000000000000000        0x0 c:/program files/microchip/xc8/v2.46/avr/bin/../lib/gcc/avr/5.4.0/avrxmega3/short-calls\libgcc.a(_divdi3.o)
 .text.libgcc.prologue
                0x0000000000000000        0x0 c:/program files/microchip/xc8/v2.46/avr/bin/../lib/gcc/avr/5.4.0/avrxmega3/short-calls\libgcc.a(_divdi3.o)
 .text.libgcc.builtins
                0x0000000000000000        0x0 c:/program files/microchip/xc8/v2.46/avr/bin/../lib/gcc/avr/5.4.0/avrxmega3/short-calls\libgcc.a(_divdi3.o)
 .text.libgcc.fmul
                0x0000000000000000        0x0 c:/program files/microchip/xc8/v2.46/avr/bin/../lib/gcc/avr/5.4.0/avrxmega3/short-calls\libgcc.a(_divdi3.o)
 .text.libgcc.fixed
                0x0000000000000000        0x0 c:/program files/microchip/xc8/v2.46/avr/bin/../lib/gcc/avr/5.4.0/avrxmega3/short-calls\libgcc.a(_divdi3.o)
 .text          0x0000000000000000        0x0 c:/program files/microchip/xc8/v2.46/avr/bin/../lib/gcc/avr/5.4.0/avrxmega3/short-calls\libgcc.a(_udivdi3.o)
 .data          0x0000000000000000        0x0 c:/program files/microchip/xc8/v2.46/avr/bin/../lib/gcc/avr/5.4.0/avrxmega3/short-calls\libgcc.a(_udivdi3.o)
 .bss           0x0000000000000000        0x0 c:/program files/microchip/xc8/v2.46/avr/bin/../lib/gcc/avr/5.4.0/avrxmega3/short-calls\libgcc.a(_udivdi3.o)
 .text.libgcc.mul
                0x0000000000000000        0x0 c:/program files/microchip/xc8/v2.46/avr/bin/../lib/gcc/avr/5.4.0/avrxmega3/short-calls\libgcc.a(_udivdi3.o)
 .stack.descriptors
                0x0000000000000000       0x4d c:/program files/microchip/xc8/v2.46/avr/bin/../lib/gcc/avr/5.4.0/avrxmega3/short-calls\libgcc.a(_udivdi3.o)
 .text.libgcc   0x0000000000000000        0x0 c:/program files/microchip/xc8/v2.46/avr/bin/../lib/gcc/avr/5.4.0/avrxmega3/short-calls\libgcc.a(_udivdi3.o)
 .text.libgcc.prologue
                0x0000000000000000        0x0 c:/program files/microchip/xc8/v2.46/avr/bin/../lib/gcc/avr/5.4.0/avrxmega3/short-calls\libgcc.a(_udivdi3.o)
 .text.libgcc.builtins
                0x0000000000000000        0x0 c:/program files/microchip/xc8/v2.46/avr/bin/../lib/gcc/avr/5.4.0/avrxmega3/short-calls\libgcc.a(_udivdi3.o)
 .text.libgcc.fmul
                0x0000000000000000        0x0 c:/program files/microchip/xc8/v2.46/avr/bin/../lib/gcc/avr/5.4.0/avrxmega3/short-calls\libgcc.a(_udivdi3.o)
 .text.libgcc.fixed
                0x0000000000000000        0x0 c:/program files/microchip/xc8/v2.46/avr/bin/../lib/gcc/avr/5.4.0/avrxmega3/short-calls\libgcc.a(_udivdi3.o)
 .text          0x0000000000000000        0x0 c:/program files/microchip/xc8/v2.46/avr/bin/../lib/gcc/avr/5.4.0/avrxmega3/short-calls\libgcc.a(_udivmod64.o)
 .data          0x0000000000000000        0x0 c:/program files/microchip/xc8/v2.46/avr/bin/../lib/gcc/avr/5.4.0/avrxmega3/short-calls\libgcc.a(_udivmod64.o)
 .bss           0x0000000000000000        0x0 c:/program files/microchip/xc8/v2.46/avr/bin/../lib/gcc/avr/5.4.0/avrxmega3/short-calls\libgcc.a(_udivmod64.o)
 .text.libgcc.mul
                0x0000000000000000        0x0 c:/program files/microchip/xc8/v2.46/avr/bin/../lib/gcc/avr/5.4.0/avrxmega3/short-calls\libgcc.a(_udivmod64.o)
 .stack.descriptors
                0x0000000000000000       0x19 c:/program files/microchip/xc8/v2.46/avr/bin/../lib/gcc/avr/5.4.0/avrxmega3/short-calls\libgcc.a(_udivmod64.o)
 .text.libgcc   0x0000000000000000        0x0 c:/program files/microchip/xc8/v2.46/avr/bin/../lib/gcc/avr/5.4.0/avrxmega3/short-calls\libgcc.a(_udivmod64.o)
 .text.libgcc.prologue
                0x0000000000000000        0x0 c:/program files/microchip/xc8/v2.46/avr/bin/../lib/gcc/avr/5.4.0/avrxmega3/short-calls\libgcc.a(_udivmod64.o)
 .text.libgcc.builtins
                0x0000000000000000        0x0 c:/program files/microchip/xc8/v2.46/avr/bin/../lib/gcc/avr/5.4.0/avrxmega3/short-calls\libgcc.a(_udivmod64.o)
 .text.libgcc.fmul
                0x0000000000000000        0x0 c:/program files/microchip/xc8/v2.46/avr/bin/../lib/gcc/avr/5.4.0/avrxmega3/short-calls\libgcc.a(_udivmod64.o)
 .text.libgcc.fixed
                0x0000000000000000        0x0 c:/program files/microchip/xc8/v2.46/avr/bin/../lib/gcc/avr/5.4.0/avrxmega3/short-calls\libgcc.a(_udivmod64.o)
 .text          0x0000000000000000        0x0 c:/program files/microchip/xc8/v2.46/avr/bin/../lib/gcc/avr/5.4.0/avrxmega3/short-calls\libgcc.a(_negdi2.o)
 .data          0x0000000000000000        0x0 c:/program files/microchip/xc8/v2.46/avr/bin/../lib/gcc/avr/5.4.0/avrxmega3/short-calls\libgcc.a(_negdi2.o)
 .bss           0x0000000000000000        0x0 c:/program files/microchip/xc8/v2.46/avr/bin/../lib/gcc/avr/5.4.0/avrxmega3/short-calls\libgcc.a(_negdi2.o)
 .text.libgcc.mul
                0x0000000000000000        0x0 c:/program files/microchip/xc8/v2.46/avr/bin/../lib/gcc/avr/5.4.0/avrxmega3/short-calls\libgcc.a(_negdi2.o)
 .text.libgcc.div
                0x0000000000000000        0x0 c:/program files/microchip/xc8/v2.46/avr/bin/../lib/gcc/avr/5.4.0/avrxmega3/short-calls\libgcc.a(_negdi2.o)
 .stack.descriptors
                0x0000000000000000       0x16 c:/program files/microchip/xc8/v2.46/avr/bin/../lib/gcc/avr/5.4.0/avrxmega3/short-calls\libgcc.a(_negdi2.o)
 .text.libgcc.prologue
                0x0000000000000000        0x0 c:/program files/microchip/xc8/v2.46/avr/bin/../lib/gcc/avr/5.4.0/avrxmega3/short-calls\libgcc.a(_negdi2.o)
 .text.libgcc.builtins
                0x0000000000000000        0x0 c:/program files/microchip/xc8/v2.46/avr/bin/../lib/gcc/avr/5.4.0/avrxmega3/short-calls\libgcc.a(_negdi2.o)
 .text.libgcc.fmul
                0x0000000000000000        0x0 c:/program files/microchip/xc8/v2.46/avr/bin/../lib/gcc/avr/5.4.0/avrxmega3/short-calls\libgcc.a(_negdi2.o)
 .text.libgcc.fixed
                0x0000000000000000        0x0 c:/program files/microchip/xc8/v2.46/avr/bin/../lib/gcc/avr/5.4.0/avrxmega3/short-calls\libgcc.a(_negdi2.o)
 .text          0x0000000000000000        0x0 c:/program files/microchip/xc8/v2.46/avr/bin/../lib/gcc/avr/5.4.0/avrxmega3/short-calls\libgcc.a(_prologue.o)
 .data          0x0000000000000000        0x0 c:/program files/microchip/xc8/v2.46/avr/bin/../lib/gcc/avr/5.4.0/avrxmega3/short-calls\libgcc.a(_prologue.o)
 .bss           0x0000000000000000        0x0 c:/program files/microchip/xc8/v2.46/avr/bin/../lib/gcc/avr/5.4.0/avrxmega3/short-calls\libgcc.a(_prologue.o)
 .text.libgcc.mul
                0x0000000000000000        0x0 c:/program files/microchip/xc8/v2.46/avr/bin/../lib/gcc/avr/5.4.0/avrxmega3/short-calls\libgcc.a(_prologue.o)
 .text.libgcc.div
                0x0000000000000000        0x0 c:/program files/microchip/xc8/v2.46/avr/bin/../lib/gcc/avr/5.4.0/avrxmega3/short-calls\libgcc.a(_prologue.o)
 .text.libgcc   0x0000000000000000        0x0 c:/program files/microchip/xc8/v2.46/avr/bin/../lib/gcc/avr/5.4.0/avrxmega3/short-calls\libgcc.a(_prologue.o)
 .text.libgcc.builtins
                0x0000000000000000        0x0 c:/program files/microchip/xc8/v2.46/avr/bin/../lib/gcc/avr/5.4.0/avrxmega3/short-calls\libgcc.a(_prologue.o)
 .text.libgcc.fmul
                0x0000000000000000        0x0 c:/program files/microchip/xc8/v2.46/avr/bin/../lib/gcc/avr/5.4.0/avrxmega3/short-calls\libgcc.a(_prologue.o)
 .text.libgcc.fixed
                0x0000000000000000        0x0 c:/program files/microchip/xc8/v2.46/avr/bin/../lib/gcc/avr/5.4.0/avrxmega3/short-calls\libgcc.a(_prologue.o)
 .text          0x0000000000000000        0x0 c:/program files/microchip/xc8/v2.46/avr/bin/../lib/gcc/avr/5.4.0/avrxmega3/short-calls\libgcc.a(_epilogue.o)
 .data          0x0000000000000000        0x0 c:/program files/microchip/xc8/v2.46/avr/bin/../lib/gcc/avr/5.4.0/avrxmega3/short-calls\libgcc.a(_epilogue.o)
 .bss           0x0000000000000000        0x0 c:/program files/microchip/xc8/v2.46/avr/bin/../lib/gcc/avr/5.4.0/avrxmega3/short-calls\libgcc.a(_epilogue.o)
 .text.libgcc.mul
                0x0000000000000000        0x0 c:/program files/microchip/xc8/v2.46/avr/bin/../lib/gcc/avr/5.4.0/avrxmega3/short-calls\libgcc.a(_epilogue.o)
 .text.libgcc.div
                0x0000000000000000        0x0 c:/program files/microchip/xc8/v2.46/avr/bin/../lib/gcc/avr/5.4.0/avrxmega3/short-calls\libgcc.a(_epilogue.o)
 .text.libgcc   0x0000000000000000        0x0 c:/program files/microchip/xc8/v2.46/avr/bin/../lib/gcc/avr/5.4.0/avrxmega3/short-calls\libgcc.a(_epilogue.o)
 .text.libgcc.builtins
                0x0000000000000000        0x0 c:/program files/microchip/xc8/v2.46/avr/bin/../lib/gcc/avr/5.4.0/avrxmega3/short-calls\libgcc.a(_epilogue.o)
 .text.libgcc.fmul
                0x0000000000000000        0x0 c:/program files/microchip/xc8/v2.46/avr/bin/../lib/gcc/avr/5.4.0/avrxmega3/short-calls\libgcc.a(_epilogue.o)
 .text.libgcc.fixed
                0x0000000000000000        0x0 c:/program files/microchip/xc8/v2.46/avr/bin/../lib/gcc/avr/5.4.0/avrxmega3/short-calls\libgcc.a(_epilogue.o)
 .text          0x0000000000000000        0x0 c:/program files/microchip/xc8/v2.46/avr/bin/../lib/gcc/avr/5.4.0/avrxmega3/short-calls\libgcc.a(_ashldi3.o)
 .data          0x0000000000000000        0x0 c:/program files/microchip/xc8/v2.46/avr/bin/../lib/gcc/avr/5.4.0/avrxmega3/short-calls\libgcc.a(_ashldi3.o)
 .bss           0x0000000000000000        0x0 c:/program files/microchip/xc8/v2.46/avr/bin/../lib/gcc/avr/5.4.0/avrxmega3/short-calls\libgcc.a(_ashldi3.o)
 .text.libgcc.mul
                0x0000000000000000        0x0 c:/program files/microchip/xc8/v2.46/avr/bin/../lib/gcc/avr/5.4.0/avrxmega3/short-calls\libgcc.a(_ashldi3.o)
 .text.libgcc.div
                0x0000000000000000        0x0 c:/program files/microchip/xc8/v2.46/avr/bin/../lib/gcc/avr/5.4.0/avrxmega3/short-calls\libgcc.a(_ashldi3.o)
 .text.libgcc   0x0000000000000000        0x0 c:/program files/microchip/xc8/v2.46/avr/bin/../lib/gcc/avr/5.4.0/avrxmega3/short-calls\libgcc.a(_ashldi3.o)
 .text.libgcc.prologue
                0x0000000000000000        0x0 c:/program files/microchip/xc8/v2.46/avr/bin/../lib/gcc/avr/5.4.0/avrxmega3/short-calls\libgcc.a(_ashldi3.o)
 .text.libgcc.builtins
                0x0000000000000000       0x32 c:/program files/microchip/xc8/v2.46/avr/bin/../lib/gcc/avr/5.4.0/avrxmega3/short-calls\libgcc.a(_ashldi3.o)
 .stack.descriptors.hdr
                0x0000000000000000        0xe c:/program files/microchip/xc8/v2.46/avr/bin/../lib/gcc/avr/5.4.0/avrxmega3/short-calls\libgcc.a(_ashldi3.o)
 .stack.descriptors
                0x0000000000000000       0x17 c:/program files/microchip/xc8/v2.46/avr/bin/../lib/gcc/avr/5.4.0/avrxmega3/short-calls\libgcc.a(_ashldi3.o)
 .text.libgcc.fmul
                0x0000000000000000        0x0 c:/program files/microchip/xc8/v2.46/avr/bin/../lib/gcc/avr/5.4.0/avrxmega3/short-calls\libgcc.a(_ashldi3.o)
 .text.libgcc.fixed
                0x0000000000000000        0x0 c:/program files/microchip/xc8/v2.46/avr/bin/../lib/gcc/avr/5.4.0/avrxmega3/short-calls\libgcc.a(_ashldi3.o)
 .text          0x0000000000000000        0x0 c:/program files/microchip/xc8/v2.46/avr/bin/../lib/gcc/avr/5.4.0/avrxmega3/short-calls\libgcc.a(_ashrdi3.o)
 .data          0x0000000000000000        0x0 c:/program files/microchip/xc8/v2.46/avr/bin/../lib/gcc/avr/5.4.0/avrxmega3/short-calls\libgcc.a(_ashrdi3.o)
 .bss           0x0000000000000000        0x0 c:/program files/microchip/xc8/v2.46/avr/bin/../lib/gcc/avr/5.4.0/avrxmega3/short-calls\libgcc.a(_ashrdi3.o)
 .text.libgcc.mul
                0x0000000000000000        0x0 c:/program files/microchip/xc8/v2.46/avr/bin/../lib/gcc/avr/5.4.0/avrxmega3/short-calls\libgcc.a(_ashrdi3.o)
 .text.libgcc.div
                0x0000000000000000        0x0 c:/program files/microchip/xc8/v2.46/avr/bin/../lib/gcc/avr/5.4.0/avrxmega3/short-calls\libgcc.a(_ashrdi3.o)
 .text.libgcc   0x0000000000000000        0x0 c:/program files/microchip/xc8/v2.46/avr/bin/../lib/gcc/avr/5.4.0/avrxmega3/short-calls\libgcc.a(_ashrdi3.o)
 .text.libgcc.prologue
                0x0000000000000000        0x0 c:/program files/microchip/xc8/v2.46/avr/bin/../lib/gcc/avr/5.4.0/avrxmega3/short-calls\libgcc.a(_ashrdi3.o)
 .text.libgcc.builtins
                0x0000000000000000       0x3c c:/program files/microchip/xc8/v2.46/avr/bin/../lib/gcc/avr/5.4.0/avrxmega3/short-calls\libgcc.a(_ashrdi3.o)
 .stack.descriptors.hdr
                0x0000000000000000        0xe c:/program files/microchip/xc8/v2.46/avr/bin/../lib/gcc/avr/5.4.0/avrxmega3/short-calls\libgcc.a(_ashrdi3.o)
 .stack.descriptors
                0x0000000000000000       0x2e c:/program files/microchip/xc8/v2.46/avr/bin/../lib/gcc/avr/5.4.0/avrxmega3/short-calls\libgcc.a(_ashrdi3.o)
 .text.libgcc.fmul
                0x0000000000000000        0x0 c:/program files/microchip/xc8/v2.46/avr/bin/../lib/gcc/avr/5.4.0/avrxmega3/short-calls\libgcc.a(_ashrdi3.o)
 .text.libgcc.fixed
                0x0000000000000000        0x0 c:/program files/microchip/xc8/v2.46/avr/bin/../lib/gcc/avr/5.4.0/avrxmega3/short-calls\libgcc.a(_ashrdi3.o)
 .text          0x0000000000000000        0x0 c:/program files/microchip/xc8/v2.46/avr/bin/../lib/gcc/avr/5.4.0/avrxmega3/short-calls\libgcc.a(_adddi3.o)
 .data          0x0000000000000000        0x0 c:/program files/microchip/xc8/v2.46/avr/bin/../lib/gcc/avr/5.4.0/avrxmega3/short-calls\libgcc.a(_adddi3.o)
 .bss           0x0000000000000000        0x0 c:/program files/microchip/xc8/v2.46/avr/bin/../lib/gcc/avr/5.4.0/avrxmega3/short-calls\libgcc.a(_adddi3.o)
 .text.libgcc.mul
                0x0000000000000000        0x0 c:/program files/microchip/xc8/v2.46/avr/bin/../lib/gcc/avr/5.4.0/avrxmega3/short-calls\libgcc.a(_adddi3.o)
 .text.libgcc.div
                0x0000000000000000        0x0 c:/program files/microchip/xc8/v2.46/avr/bin/../lib/gcc/avr/5.4.0/avrxmega3/short-calls\libgcc.a(_adddi3.o)
 .text.libgcc   0x0000000000000000       0x12 c:/program files/microchip/xc8/v2.46/avr/bin/../lib/gcc/avr/5.4.0/avrxmega3/short-calls\libgcc.a(_adddi3.o)
 .stack.descriptors.hdr
                0x0000000000000000        0xe c:/program files/microchip/xc8/v2.46/avr/bin/../lib/gcc/avr/5.4.0/avrxmega3/short-calls\libgcc.a(_adddi3.o)
 .stack.descriptors
                0x0000000000000000       0x16 c:/program files/microchip/xc8/v2.46/avr/bin/../lib/gcc/avr/5.4.0/avrxmega3/short-calls\libgcc.a(_adddi3.o)
 .text.libgcc.prologue
                0x0000000000000000        0x0 c:/program files/microchip/xc8/v2.46/avr/bin/../lib/gcc/avr/5.4.0/avrxmega3/short-calls\libgcc.a(_adddi3.o)
 .text.libgcc.builtins
                0x0000000000000000        0x0 c:/program files/microchip/xc8/v2.46/avr/bin/../lib/gcc/avr/5.4.0/avrxmega3/short-calls\libgcc.a(_adddi3.o)
 .text.libgcc.fmul
                0x0000000000000000        0x0 c:/program files/microchip/xc8/v2.46/avr/bin/../lib/gcc/avr/5.4.0/avrxmega3/short-calls\libgcc.a(_adddi3.o)
 .text.libgcc.fixed
                0x0000000000000000        0x0 c:/program files/microchip/xc8/v2.46/avr/bin/../lib/gcc/avr/5.4.0/avrxmega3/short-calls\libgcc.a(_adddi3.o)
 .text          0x0000000000000000        0x0 c:/program files/microchip/xc8/v2.46/avr/bin/../lib/gcc/avr/5.4.0/avrxmega3/short-calls\libgcc.a(_subdi3.o)
 .data          0x0000000000000000        0x0 c:/program files/microchip/xc8/v2.46/avr/bin/../lib/gcc/avr/5.4.0/avrxmega3/short-calls\libgcc.a(_subdi3.o)
 .bss           0x0000000000000000        0x0 c:/program files/microchip/xc8/v2.46/avr/bin/../lib/gcc/avr/5.4.0/avrxmega3/short-calls\libgcc.a(_subdi3.o)
 .text.libgcc.mul
                0x0000000000000000        0x0 c:/program files/microchip/xc8/v2.46/avr/bin/../lib/gcc/avr/5.4.0/avrxmega3/short-calls\libgcc.a(_subdi3.o)
 .text.libgcc.div
                0x0000000000000000        0x0 c:/program files/microchip/xc8/v2.46/avr/bin/../lib/gcc/avr/5.4.0/avrxmega3/short-calls\libgcc.a(_subdi3.o)
 .text.libgcc   0x0000000000000000       0x12 c:/program files/microchip/xc8/v2.46/avr/bin/../lib/gcc/avr/5.4.0/avrxmega3/short-calls\libgcc.a(_subdi3.o)
 .stack.descriptors.hdr
                0x0000000000000000        0xe c:/program files/microchip/xc8/v2.46/avr/bin/../lib/gcc/avr/5.4.0/avrxmega3/short-calls\libgcc.a(_subdi3.o)
 .stack.descriptors
                0x0000000000000000       0x16 c:/program files/microchip/xc8/v2.46/avr/bin/../lib/gcc/avr/5.4.0/avrxmega3/short-calls\libgcc.a(_subdi3.o)
 .text.libgcc.prologue
                0x0000000000000000        0x0 c:/program files/microchip/xc8/v2.46/avr/bin/../lib/gcc/avr/5.4.0/avrxmega3/short-calls\libgcc.a(_subdi3.o)
 .text.libgcc.builtins
                0x0000000000000000        0x0 c:/program files/microchip/xc8/v2.46/avr/bin/../lib/gcc/avr/5.4.0/avrxmega3/short-calls\libgcc.a(_subdi3.o)
 .text.libgcc.fmul
                0x0000000000000000        0x0 c:/program files/microchip/xc8/v2.46/avr/bin/../lib/gcc/avr/5.4.0/avrxmega3/short-calls\libgcc.a(_subdi3.o)
 .text.libgcc.fixed
                0x0000000000000000        0x0 c:/program files/microchip/xc8/v2.46/avr/bin/../lib/gcc/avr/5.4.0/avrxmega3/short-calls\libgcc.a(_subdi3.o)
 .text          0x0000000000000000        0x0 c:/program files/microchip/xc8/v2.46/avr/bin/../lib/gcc/avr/5.4.0/../../../../avr/lib/avrxmega3/short-calls\libc.a(exit.o)
 .data          0x0000000000000000        0x0 c:/program files/microchip/xc8/v2.46/avr/bin/../lib/gcc/avr/5.4.0/../../../../avr/lib/avrxmega3/short-calls\libc.a(exit.o)
 .bss           0x0000000000000000        0x0 c:/program files/microchip/xc8/v2.46/avr/bin/../lib/gcc/avr/5.4.0/../../../../avr/lib/avrxmega3/short-calls\libc.a(exit.o)
 .stack.descriptors
                0x0000000000000000       0x73 c:/program files/microchip/xc8/v2.46/avr/bin/../lib/gcc/avr/5.4.0/../../../../avr/lib/avrxmega3/short-calls\libc.a(exit.o)
 .text          0x0000000000000000        0x0 c:/program files/microchip/xc8/v2.46/avr/bin/../lib/gcc/avr/5.4.0/../../../../avr/lib/avrxmega3/short-calls\libc.a(_Exit.o)
 .data          0x0000000000000000        0x0 c:/program files/microchip/xc8/v2.46/avr/bin/../lib/gcc/avr/5.4.0/../../../../avr/lib/avrxmega3/short-calls\libc.a(_Exit.o)
 .bss           0x0000000000000000        0x0 c:/program files/microchip/xc8/v2.46/avr/bin/../lib/gcc/avr/5.4.0/../../../../avr/lib/avrxmega3/short-calls\libc.a(_Exit.o)
 .stack.descriptors
                0x0000000000000000       0x13 c:/program files/microchip/xc8/v2.46/avr/bin/../lib/gcc/avr/5.4.0/../../../../avr/lib/avrxmega3/short-calls\libc.a(_Exit.o)
 .text          0x0000000000000000        0x0 c:/program files/microchip/xc8/v2.46/avr/bin/../lib/gcc/avr/5.4.0/avrxmega3/short-calls\libgcc.a(_exit.o)
 .data          0x0000000000000000        0x0 c:/program files/microchip/xc8/v2.46/avr/bin/../lib/gcc/avr/5.4.0/avrxmega3/short-calls\libgcc.a(_exit.o)
 .bss           0x0000000000000000        0x0 c:/program files/microchip/xc8/v2.46/avr/bin/../lib/gcc/avr/5.4.0/avrxmega3/short-calls\libgcc.a(_exit.o)
 .text.libgcc.mul
                0x0000000000000000        0x0 c:/program files/microchip/xc8/v2.46/avr/bin/../lib/gcc/avr/5.4.0/avrxmega3/short-calls\libgcc.a(_exit.o)
 .text.libgcc.div
                0x0000000000000000        0x0 c:/program files/microchip/xc8/v2.46/avr/bin/../lib/gcc/avr/5.4.0/avrxmega3/short-calls\libgcc.a(_exit.o)
 .text.libgcc   0x0000000000000000        0x0 c:/program files/microchip/xc8/v2.46/avr/bin/../lib/gcc/avr/5.4.0/avrxmega3/short-calls\libgcc.a(_exit.o)
 .text.libgcc.prologue
                0x0000000000000000        0x0 c:/program files/microchip/xc8/v2.46/avr/bin/../lib/gcc/avr/5.4.0/avrxmega3/short-calls\libgcc.a(_exit.o)
 .stack.descriptors
                0x0000000000000000       0x13 c:/program files/microchip/xc8/v2.46/avr/bin/../lib/gcc/avr/5.4.0/avrxmega3/short-calls\libgcc.a(_exit.o)
 .text.libgcc.builtins
                0x0000000000000000        0x0 c:/program files/microchip/xc8/v2.46/avr/bin/../lib/gcc/avr/5.4.0/avrxmega3/short-calls\libgcc.a(_exit.o)
 .text.libgcc.fmul
                0x0000000000000000        0x0 c:/program files/microchip/xc8/v2.46/avr/bin/../lib/gcc/avr/5.4.0/avrxmega3/short-calls\libgcc.a(_exit.o)
 .text.libgcc.fixed
                0x0000000000000000        0x0 c:/program files/microchip/xc8/v2.46/avr/bin/../lib/gcc/avr/5.4.0/avrxmega3/short-calls\libgcc.a(_exit.o)

Memory Configuration

Name             Origin             Length             Attributes
text             0x0000000000000000 0x0000000000000800 xr
data             0x0000000000803f80 0x0000000000000080 rw !x
eeprom           0x0000000000810000 0x0000000000000040 rw !x
fuse             0x0000000000820000 0x000000000000000a rw !x
lock             0x0000000000830000 0x0000000000000400 rw !x
signature        0x0000000000840000 0x0000000000000400 rw !x
user_signatures  0x0000000000850000 0x0000000000000400 rw !x
bootrow          0x0000000000860000 0x0000000000000400 rw !x
*default*        0x0000000000000000 0xffffffffffffffff

Linker script and memory map

Address of section .data set to 0x803f80
                0x0000000000008000                __RODATA_PM_OFFSET__ = 0x8000
LOAD C:/Program Files/Microchip/MPLABX/v6.20/packs/Microchip/ATtiny_DFP/3.1.260/xc8/avr/lib/avrxmega3/short-calls/crtattiny212.o
                0x0000000000000001                __MPLAB_BUILD = 0x1
LOAD build/default/debug/mcc_generated_files/adc/src/adc0.o
LOAD build/default/debug/mcc_generated_files/dac/src/dac0.o
LOAD build/default/debug/mcc_generated_files/system/src/clock.o
LOAD build/default/debug/mcc_generated_files/system/src/system.o
LOAD build/default/debug/mcc_generated_files/system/src/config_bits.o
LOAD build/default/debug/mcc_generated_files/system/src/pins.o
LOAD build/default/debug/mcc_generated_files/system/src/interrupt.o
LOAD build/default/debug/mcc_generated_files/system/src/protected_io.o
LOAD build/default/debug/mcc_generated_files/timer/src/delay.o
LOAD build/default/debug/mcc_generated_files/timer/src/tca0.o
LOAD build/default/debug/mcc_generated_files/vref/src/vref.o
LOAD build/default/debug/main.o
LOAD build/default/debug/rios.o
LOAD build/default/debug/fault.o
START GROUP
LOAD c:/program files/microchip/xc8/v2.46/avr/bin/../lib/gcc/avr/5.4.0/../../../../avr/lib/avrxmega3/short-calls\libm.a
END GROUP
                0x0000000000000001                __MPLAB_DEBUG = 0x1
                0x0000000000000001                __DEBUG = 0x1
START GROUP
LOAD c:/program files/microchip/xc8/v2.46/avr/bin/../lib/gcc/avr/5.4.0/avrxmega3/short-calls\libgcc.a
LOAD c:/program files/microchip/xc8/v2.46/avr/bin/../lib/gcc/avr/5.4.0/../../../../avr/lib/avrxmega3/short-calls\libm.a
LOAD c:/program files/microchip/xc8/v2.46/avr/bin/../lib/gcc/avr/5.4.0/../../../../avr/lib/avrxmega3/short-calls\libc.a
LOAD C:/Program Files/Microchip/MPLABX/v6.20/packs/Microchip/ATtiny_DFP/3.1.260/xc8/avr/lib/avrxmega3/short-calls\libattiny212.a
END GROUP
                [0x0000000000000000]                __TEXT_REGION_ORIGIN__ = DEFINED (__TEXT_REGION_ORIGIN__)?__TEXT_REGION_ORIGIN__:0x0
                [0x0000000000803f80]                __DATA_REGION_ORIGIN__ = DEFINED (__DATA_REGION_ORIGIN__)?__DATA_REGION_ORIGIN__:0x802000
                [0x0000000000000800]                __TEXT_REGION_LENGTH__ = DEFINED (__TEXT_REGION_LENGTH__)?__TEXT_REGION_LENGTH__:0x100000
                [0x0000000000000080]                __DATA_REGION_LENGTH__ = DEFINED (__DATA_REGION_LENGTH__)?__DATA_REGION_LENGTH__:0xffa0
                [0x0000000000000040]                __EEPROM_REGION_LENGTH__ = DEFINED (__EEPROM_REGION_LENGTH__)?__EEPROM_REGION_LENGTH__:0x10000
                [0x000000000000000a]                __FUSE_REGION_LENGTH__ = DEFINED (__FUSE_REGION_LENGTH__)?__FUSE_REGION_LENGTH__:0x400
                0x0000000000000400                __LOCK_REGION_LENGTH__ = DEFINED (__LOCK_REGION_LENGTH__)?__LOCK_REGION_LENGTH__:0x400
                0x0000000000000400                __SIGNATURE_REGION_LENGTH__ = DEFINED (__SIGNATURE_REGION_LENGTH__)?__SIGNATURE_REGION_LENGTH__:0x400
                0x0000000000000400                __USER_SIGNATURE_REGION_LENGTH__ = DEFINED (__USER_SIGNATURE_REGION_LENGTH__)?__USER_SIGNATURE_REGION_LENGTH__:0x400
                0x0000000000008000                __RODATA_PM_OFFSET__ = DEFINED (__RODATA_PM_OFFSET__)?__RODATA_PM_OFFSET__:0x8000
                0x0000000000000400                __BOOTROW_REGION_LENGTH__ = DEFINED (__BOOTROW_REGION_LENGTH__)?__BOOTROW_REGION_LENGTH__:0x400

.hash
 *(.hash)

.dynsym
 *(.dynsym)

.dynstr
 *(.dynstr)

.gnu.version
 *(.gnu.version)

.gnu.version_d
 *(.gnu.version_d)

.gnu.version_r
 *(.gnu.version_r)

.rel.init
 *(.rel.init)

.rela.init
 *(.rela.init)

.rel.text
 *(.rel.text)
 *(.rel.text.*)
 *(.rel.gnu.linkonce.t*)

.rela.text
 *(.rela.text)
 *(.rela.text.*)
 *(.rela.gnu.linkonce.t*)

.rel.fini
 *(.rel.fini)

.rela.fini
 *(.rela.fini)

.rel.rodata
 *(.rel.rodata)
 *(.rel.rodata.*)
 *(.rel.gnu.linkonce.r*)

.rela.rodata
 *(.rela.rodata)
 *(.rela.rodata.*)
 *(.rela.gnu.linkonce.r*)

.rel.data
 *(.rel.data)
 *(.rel.data.*)
 *(.rel.gnu.linkonce.d*)

.rela.data
 *(.rela.data)
 *(.rela.data.*)
 *(.rela.gnu.linkonce.d*)

.rel.ctors
 *(.rel.ctors)

.rela.ctors
 *(.rela.ctors)

.rel.dtors
 *(.rel.dtors)

.rela.dtors
 *(.rela.dtors)

.rel.got
 *(.rel.got)

.rela.got
 *(.rela.got)

.rel.bss
 *(.rel.bss)

.rela.bss
 *(.rela.bss)

.rel.plt
 *(.rel.plt)

.rela.plt
 *(.rela.plt)

.text           0x0000000000000000       0x96
 *(.vectors)
 .vectors       0x0000000000000000       0x34 C:/Program Files/Microchip/MPLABX/v6.20/packs/Microchip/ATtiny_DFP/3.1.260/xc8/avr/lib/avrxmega3/short-calls/crtattiny212.o
                0x0000000000000000                __vector_default
                0x0000000000000000                __vectors
 *(.vectors)
 *(.progmem.gcc*)
 *(.dinit)
 .dinit         0x0000000000000034       0x11 data_init
                0x0000000000000046                . = ALIGN (0x2)
 *fill*         0x0000000000000045        0x1 
                0x0000000000000046                __trampolines_start = .
 *(.trampolines)
 .trampolines   0x0000000000000046        0x0 linker stubs
 *(.trampolines*)
                0x0000000000000046                __trampolines_end = .
 *libprintf_flt.a:*(.progmem.data)
 *libc.a:*(.progmem.data)
                0x0000000000000046                . = ALIGN (0x2)
 *(.jumptables)
 *(.jumptables*)
 *(.lowtext)
 *(.lowtext*)
                0x0000000000000046                __ctors_start = .
 *(.ctors)
                0x0000000000000046                __ctors_end = .
                0x0000000000000046                __dtors_start = .
 *(.dtors)
                0x0000000000000046                __dtors_end = .
 SORT(*)(.ctors)
 SORT(*)(.dtors)
 *(.init0)
 .init0         0x0000000000000046        0x0 C:/Program Files/Microchip/MPLABX/v6.20/packs/Microchip/ATtiny_DFP/3.1.260/xc8/avr/lib/avrxmega3/short-calls/crtattiny212.o
                0x0000000000000046                __init
 *(.init0)
 *(.init1)
 *(.init1)
 *(.init2)
 .init2         0x0000000000000046        0xc C:/Program Files/Microchip/MPLABX/v6.20/packs/Microchip/ATtiny_DFP/3.1.260/xc8/avr/lib/avrxmega3/short-calls/crtattiny212.o
 *(.init2)
 *(.init3)
 *(.init3)
 *(.init4)
 .init4         0x0000000000000052       0x3c c:/program files/microchip/xc8/v2.46/avr/bin/../lib/gcc/avr/5.4.0/avrxmega3/short-calls\libgcc.a(_copy_data.o)
                0x0000000000000052                __do_copy_data
                0x0000000000000080                __do_clear_bss
 *(.init4)
 *(.init5)
 *(.init5)
 *(.init6)
 *(.init6)
 *(.init7)
 *(.init7)
 *(.init8)
 *(.init8)
 *(.init9)
 .init9         0x000000000000008e        0x4 C:/Program Files/Microchip/MPLABX/v6.20/packs/Microchip/ATtiny_DFP/3.1.260/xc8/avr/lib/avrxmega3/short-calls/crtattiny212.o
 *(.init9)
                0x0000000000000092                . = ALIGN (0x2)
 *(.fini9)
 .fini9         0x0000000000000092        0x0 c:/program files/microchip/xc8/v2.46/avr/bin/../lib/gcc/avr/5.4.0/avrxmega3/short-calls\libgcc.a(_exit.o)
                0x0000000000000092                _exit
 *(.fini9)
 *(.fini8)
 *(.fini8)
 *(.fini7)
 *(.fini7)
 *(.fini6)
 *(.fini6)
 *(.fini5)
 *(.fini5)
 *(.fini4)
 *(.fini4)
 *(.fini3)
 *(.fini3)
 *(.fini2)
 *(.fini2)
 *(.fini1)
 *(.fini1)
 *(.fini0)
 .fini0         0x0000000000000092        0x4 c:/program files/microchip/xc8/v2.46/avr/bin/../lib/gcc/avr/5.4.0/avrxmega3/short-calls\libgcc.a(_exit.o)
 *(.fini0)
                0x0000000000000096                _etext = .

.data           0x0000000000803f80        0x0 load address 0x0000000000000096
                [!provide]                        PROVIDE (__data_start, .)
 *(.gnu.linkonce.d*)
                0x0000000000803f80                . = ALIGN (0x2)
                0x0000000000803f80                _edata = .
                [!provide]                        PROVIDE (__data_end, .)

.bss            0x0000000000803f80        0x0
                [!provide]                        PROVIDE (__bss_start, .)
 *(COMMON)
                [!provide]                        PROVIDE (__bss_end, .)
                0x0000000000000096                __data_load_start = LOADADDR (.data)
                0x0000000000000096                __data_load_end = (__data_load_start + SIZEOF (.data))

.noinit         0x0000000000803f80        0x0
                [!provide]                        PROVIDE (__noinit_start, .)
 *(.noinit*)
                [!provide]                        PROVIDE (__noinit_end, .)
                0x0000000000803f80                _end = .

.eeprom         0x0000000000810000        0x0
 *(.eeprom*)
                0x0000000000810000                __eeprom_end = .

.fuse           0x0000000000820000        0x9
 *(.fuse)
 .fuse          0x0000000000820000        0x9 build/default/debug/mcc_generated_files/system/src/config_bits.o
                0x0000000000820000                __fuse
 *(.lfuse)
 *(.hfuse)
 *(.efuse)

.lock
 *(.lock*)

.signature
 *(.signature*)

.user_signatures
 *(.user_signatures*)

.bootrow
 *(.bootrow*)

.stab
 *(.stab)

.stabstr
 *(.stabstr)

.stab.excl
 *(.stab.excl)

.stab.exclstr
 *(.stab.exclstr)

.stab.index
 *(.stab.index)

.stab.indexstr
 *(.stab.indexstr)

.comment        0x0000000000000000       0x5b
 *(.comment)
 .comment       0x0000000000000000       0x2f build/default/debug/mcc_generated_files/adc/src/adc0.o
                                         0x30 (size before relaxing)
 .comment       0x000000000000002f       0x30 build/default/debug/mcc_generated_files/dac/src/dac0.o
 .comment       0x000000000000002f       0x30 build/default/debug/mcc_generated_files/system/src/clock.o
 .comment       0x000000000000002f       0x30 build/default/debug/mcc_generated_files/system/src/system.o
 .comment       0x000000000000002f       0x30 build/default/debug/mcc_generated_files/system/src/config_bits.o
 .comment       0x000000000000002f       0x30 build/default/debug/mcc_generated_files/system/src/pins.o
 .comment       0x000000000000002f       0x30 build/default/debug/mcc_generated_files/system/src/interrupt.o
 .comment       0x000000000000002f       0x30 build/default/debug/mcc_generated_files/timer/src/delay.o
 .comment       0x000000000000002f       0x30 build/default/debug/mcc_generated_files/timer/src/tca0.o
 .comment       0x000000000000002f       0x30 build/default/debug/mcc_generated_files/vref/src/vref.o
 .comment       0x000000000000002f       0x30 build/default/debug/main.o
 .comment       0x000000000000002f       0x30 build/default/debug/rios.o
 .comment       0x000000000000002f       0x30 build/default/debug/fault.o
 .comment       0x000000000000002f       0x2c c:/program files/microchip/xc8/v2.46/avr/bin/../lib/gcc/avr/5.4.0/../../../../avr/lib/avrxmega3/short-calls\libc.a(exit.o)
                                         0x2d (size before relaxing)
 .comment       0x000000000000005b       0x2d c:/program files/microchip/xc8/v2.46/avr/bin/../lib/gcc/avr/5.4.0/../../../../avr/lib/avrxmega3/short-calls\libc.a(_Exit.o)

.stack.descriptors.hdr
                0x0000000000000000       0x62
 .stack.descriptors.hdr
                0x0000000000000000        0xe c:/program files/microchip/xc8/v2.46/avr/bin/../lib/gcc/avr/5.4.0/avrxmega3/short-calls\libgcc.a(_divdi3.o)
 .stack.descriptors.hdr
                0x000000000000000e        0xe c:/program files/microchip/xc8/v2.46/avr/bin/../lib/gcc/avr/5.4.0/avrxmega3/short-calls\libgcc.a(_udivdi3.o)
 .stack.descriptors.hdr
                0x000000000000001c        0xe c:/program files/microchip/xc8/v2.46/avr/bin/../lib/gcc/avr/5.4.0/avrxmega3/short-calls\libgcc.a(_udivmod64.o)
 .stack.descriptors.hdr
                0x000000000000002a        0xe c:/program files/microchip/xc8/v2.46/avr/bin/../lib/gcc/avr/5.4.0/avrxmega3/short-calls\libgcc.a(_negdi2.o)
 .stack.descriptors.hdr
                0x0000000000000038        0xe c:/program files/microchip/xc8/v2.46/avr/bin/../lib/gcc/avr/5.4.0/../../../../avr/lib/avrxmega3/short-calls\libc.a(exit.o)
 .stack.descriptors.hdr
                0x0000000000000046        0xe c:/program files/microchip/xc8/v2.46/avr/bin/../lib/gcc/avr/5.4.0/../../../../avr/lib/avrxmega3/short-calls\libc.a(_Exit.o)
 .stack.descriptors.hdr
                0x0000000000000054        0xe c:/program files/microchip/xc8/v2.46/avr/bin/../lib/gcc/avr/5.4.0/avrxmega3/short-calls\libgcc.a(_exit.o)

.note.GNU-stack
                0x0000000000000000        0x0
 .note.GNU-stack
                0x0000000000000000        0x0 c:/program files/microchip/xc8/v2.46/avr/bin/../lib/gcc/avr/5.4.0/../../../../avr/lib/avrxmega3/short-calls\libc.a(exit.o)
 .note.GNU-stack
                0x0000000000000000        0x0 c:/program files/microchip/xc8/v2.46/avr/bin/../lib/gcc/avr/5.4.0/../../../../avr/lib/avrxmega3/short-calls\libc.a(_Exit.o)

.note.gnu.build-id
 *(.note.gnu.build-id)

.debug
 *(.debug)

.line
 *(.line)

.debug_srcinfo
 *(.debug_srcinfo)

.debug_sfnames
 *(.debug_sfnames)

.debug_aranges  0x0000000000000000      0x3d8
 *(.debug_aranges)
 .debug_aranges
                0x0000000000000000       0xb0 build/default/debug/mcc_generated_files/adc/src/adc0.o
 .debug_aranges
                0x00000000000000b0       0x40 build/default/debug/mcc_generated_files/dac/src/dac0.o
 .debug_aranges
                0x00000000000000f0       0x20 build/default/debug/mcc_generated_files/system/src/clock.o
 .debug_aranges
                0x0000000000000110       0x20 build/default/debug/mcc_generated_files/system/src/system.o
 .debug_aranges
                0x0000000000000130       0x18 build/default/debug/mcc_generated_files/system/src/config_bits.o
 .debug_aranges
                0x0000000000000148       0x58 build/default/debug/mcc_generated_files/system/src/pins.o
 .debug_aranges
                0x00000000000001a0       0x20 build/default/debug/mcc_generated_files/system/src/interrupt.o
 .debug_aranges
                0x00000000000001c0       0x20 build/default/debug/mcc_generated_files/system/src/protected_io.o
 .debug_aranges
                0x00000000000001e0       0x28 build/default/debug/mcc_generated_files/timer/src/delay.o
 .debug_aranges
                0x0000000000000208      0x100 build/default/debug/mcc_generated_files/timer/src/tca0.o
 .debug_aranges
                0x0000000000000308       0x20 build/default/debug/mcc_generated_files/vref/src/vref.o
 .debug_aranges
                0x0000000000000328       0x58 build/default/debug/main.o
 .debug_aranges
                0x0000000000000380       0x38 build/default/debug/rios.o
 .debug_aranges
                0x00000000000003b8       0x20 build/default/debug/fault.o

.debug_pubnames
 *(.debug_pubnames)

.debug_info     0x0000000000000000     0x707e
 *(.debug_info .gnu.linkonce.wi.*)
 .debug_info    0x0000000000000000     0x171b C:/Program Files/Microchip/MPLABX/v6.20/packs/Microchip/ATtiny_DFP/3.1.260/xc8/avr/lib/avrxmega3/short-calls/crtattiny212.o
 .debug_info    0x000000000000171b      0xade build/default/debug/mcc_generated_files/adc/src/adc0.o
 .debug_info    0x00000000000021f9      0x41a build/default/debug/mcc_generated_files/dac/src/dac0.o
 .debug_info    0x0000000000002613      0x7f2 build/default/debug/mcc_generated_files/system/src/clock.o
 .debug_info    0x0000000000002e05      0x35f build/default/debug/mcc_generated_files/system/src/system.o
 .debug_info    0x0000000000003164      0x851 build/default/debug/mcc_generated_files/system/src/config_bits.o
 .debug_info    0x00000000000039b5      0x887 build/default/debug/mcc_generated_files/system/src/pins.o
 .debug_info    0x000000000000423c      0x41e build/default/debug/mcc_generated_files/system/src/interrupt.o
 .debug_info    0x000000000000465a       0xae build/default/debug/mcc_generated_files/system/src/protected_io.o
 .debug_info    0x0000000000004708      0x475 build/default/debug/mcc_generated_files/timer/src/delay.o
 .debug_info    0x0000000000004b7d     0x1193 build/default/debug/mcc_generated_files/timer/src/tca0.o
 .debug_info    0x0000000000005d10      0x335 build/default/debug/mcc_generated_files/vref/src/vref.o
 .debug_info    0x0000000000006045      0x7ff build/default/debug/main.o
 .debug_info    0x0000000000006844      0x51a build/default/debug/rios.o
 .debug_info    0x0000000000006d5e      0x320 build/default/debug/fault.o

.debug_abbrev   0x0000000000000000     0x254e
 *(.debug_abbrev)
 .debug_abbrev  0x0000000000000000     0x15dc C:/Program Files/Microchip/MPLABX/v6.20/packs/Microchip/ATtiny_DFP/3.1.260/xc8/avr/lib/avrxmega3/short-calls/crtattiny212.o
 .debug_abbrev  0x00000000000015dc      0x22d build/default/debug/mcc_generated_files/adc/src/adc0.o
 .debug_abbrev  0x0000000000001809       0xcd build/default/debug/mcc_generated_files/dac/src/dac0.o
 .debug_abbrev  0x00000000000018d6      0x134 build/default/debug/mcc_generated_files/system/src/clock.o
 .debug_abbrev  0x0000000000001a0a       0x66 build/default/debug/mcc_generated_files/system/src/system.o
 .debug_abbrev  0x0000000000001a70       0x97 build/default/debug/mcc_generated_files/system/src/config_bits.o
 .debug_abbrev  0x0000000000001b07      0x153 build/default/debug/mcc_generated_files/system/src/pins.o
 .debug_abbrev  0x0000000000001c5a       0xfa build/default/debug/mcc_generated_files/system/src/interrupt.o
 .debug_abbrev  0x0000000000001d54       0x14 build/default/debug/mcc_generated_files/system/src/protected_io.o
 .debug_abbrev  0x0000000000001d68      0x12b build/default/debug/mcc_generated_files/timer/src/delay.o
 .debug_abbrev  0x0000000000001e93      0x27a build/default/debug/mcc_generated_files/timer/src/tca0.o
 .debug_abbrev  0x000000000000210d       0x7a build/default/debug/mcc_generated_files/vref/src/vref.o
 .debug_abbrev  0x0000000000002187      0x1d5 build/default/debug/main.o
 .debug_abbrev  0x000000000000235c      0x171 build/default/debug/rios.o
 .debug_abbrev  0x00000000000024cd       0x81 build/default/debug/fault.o

.debug_line     0x0000000000000000     0x1b35
 *(.debug_line .debug_line.* .debug_line_end)
 .debug_line    0x0000000000000000      0x136 C:/Program Files/Microchip/MPLABX/v6.20/packs/Microchip/ATtiny_DFP/3.1.260/xc8/avr/lib/avrxmega3/short-calls/crtattiny212.o
 .debug_line    0x0000000000000136      0x393 build/default/debug/mcc_generated_files/adc/src/adc0.o
 .debug_line    0x00000000000004c9      0x198 build/default/debug/mcc_generated_files/dac/src/dac0.o
 .debug_line    0x0000000000000661      0x179 build/default/debug/mcc_generated_files/system/src/clock.o
 .debug_line    0x00000000000007da      0x19e build/default/debug/mcc_generated_files/system/src/system.o
 .debug_line    0x0000000000000978       0xfe build/default/debug/mcc_generated_files/system/src/config_bits.o
 .debug_line    0x0000000000000a76      0x26e build/default/debug/mcc_generated_files/system/src/pins.o
 .debug_line    0x0000000000000ce4      0x197 build/default/debug/mcc_generated_files/system/src/interrupt.o
 .debug_line    0x0000000000000e7b       0x6d build/default/debug/mcc_generated_files/system/src/protected_io.o
 .debug_line    0x0000000000000ee8      0x138 build/default/debug/mcc_generated_files/timer/src/delay.o
 .debug_line    0x0000000000001020      0x4bb build/default/debug/mcc_generated_files/timer/src/tca0.o
 .debug_line    0x00000000000014db      0x117 build/default/debug/mcc_generated_files/vref/src/vref.o
 .debug_line    0x00000000000015f2      0x2cb build/default/debug/main.o
 .debug_line    0x00000000000018bd      0x180 build/default/debug/rios.o
 .debug_line    0x0000000000001a3d       0xf8 build/default/debug/fault.o

.debug_frame    0x0000000000000000      0x888
 *(.debug_frame)
 .debug_frame   0x0000000000000000      0x1d4 build/default/debug/mcc_generated_files/adc/src/adc0.o
 .debug_frame   0x00000000000001d4       0x64 build/default/debug/mcc_generated_files/dac/src/dac0.o
 .debug_frame   0x0000000000000238       0x24 build/default/debug/mcc_generated_files/system/src/clock.o
 .debug_frame   0x000000000000025c       0x24 build/default/debug/mcc_generated_files/system/src/system.o
 .debug_frame   0x0000000000000280      0x11c build/default/debug/mcc_generated_files/system/src/pins.o
 .debug_frame   0x000000000000039c       0x24 build/default/debug/mcc_generated_files/system/src/interrupt.o
 .debug_frame   0x00000000000003c0       0x34 build/default/debug/mcc_generated_files/timer/src/delay.o
 .debug_frame   0x00000000000003f4      0x29c build/default/debug/mcc_generated_files/timer/src/tca0.o
 .debug_frame   0x0000000000000690       0x24 build/default/debug/mcc_generated_files/vref/src/vref.o
 .debug_frame   0x00000000000006b4      0x120 build/default/debug/main.o
 .debug_frame   0x00000000000007d4       0x90 build/default/debug/rios.o
 .debug_frame   0x0000000000000864       0x24 build/default/debug/fault.o

.debug_str      0x0000000000000000      0xbe1
 *(.debug_str)
 .debug_str     0x0000000000000000      0x9ad C:/Program Files/Microchip/MPLABX/v6.20/packs/Microchip/ATtiny_DFP/3.1.260/xc8/avr/lib/avrxmega3/short-calls/crtattiny212.o
 .debug_str     0x00000000000009ad        0x8 build/default/debug/mcc_generated_files/adc/src/adc0.o
 .debug_str     0x00000000000009b5        0x0 build/default/debug/mcc_generated_files/dac/src/dac0.o
 .debug_str     0x00000000000009b5       0x13 build/default/debug/mcc_generated_files/system/src/clock.o
 .debug_str     0x00000000000009c8       0x7a build/default/debug/mcc_generated_files/system/src/system.o
 .debug_str     0x0000000000000a42        0x0 build/default/debug/mcc_generated_files/system/src/config_bits.o
 .debug_str     0x0000000000000a42       0x25 build/default/debug/mcc_generated_files/system/src/pins.o
 .debug_str     0x0000000000000a67       0x13 build/default/debug/mcc_generated_files/system/src/interrupt.o
 .debug_str     0x0000000000000a7a       0x26 build/default/debug/mcc_generated_files/timer/src/delay.o
 .debug_str     0x0000000000000aa0       0x58 build/default/debug/mcc_generated_files/timer/src/tca0.o
 .debug_str     0x0000000000000af8        0x0 build/default/debug/mcc_generated_files/vref/src/vref.o
 .debug_str     0x0000000000000af8       0x83 build/default/debug/main.o
 .debug_str     0x0000000000000b7b       0x53 build/default/debug/rios.o
 .debug_str     0x0000000000000bce       0x13 build/default/debug/fault.o

.debug_loc      0x0000000000000000      0x504
 *(.debug_loc)
 .debug_loc     0x0000000000000000       0xa4 build/default/debug/mcc_generated_files/adc/src/adc0.o
 .debug_loc     0x00000000000000a4       0xcd build/default/debug/mcc_generated_files/system/src/clock.o
 .debug_loc     0x0000000000000171       0x2a build/default/debug/mcc_generated_files/system/src/interrupt.o
 .debug_loc     0x000000000000019b      0x143 build/default/debug/mcc_generated_files/timer/src/delay.o
 .debug_loc     0x00000000000002de       0x21 build/default/debug/mcc_generated_files/timer/src/tca0.o
 .debug_loc     0x00000000000002ff       0xda build/default/debug/main.o
 .debug_loc     0x00000000000003d9      0x12b build/default/debug/rios.o

.debug_macinfo
 *(.debug_macinfo)

.debug_weaknames
 *(.debug_weaknames)

.debug_funcnames
 *(.debug_funcnames)

.debug_typenames
 *(.debug_typenames)

.debug_varnames
 *(.debug_varnames)

.debug_pubtypes
 *(.debug_pubtypes)

.debug_ranges   0x0000000000000000      0x2e0
 *(.debug_ranges)
 .debug_ranges  0x0000000000000000       0xa0 build/default/debug/mcc_generated_files/adc/src/adc0.o
 .debug_ranges  0x00000000000000a0       0x30 build/default/debug/mcc_generated_files/dac/src/dac0.o
 .debug_ranges  0x00000000000000d0       0x10 build/default/debug/mcc_generated_files/system/src/clock.o
 .debug_ranges  0x00000000000000e0       0x10 build/default/debug/mcc_generated_files/system/src/system.o
 .debug_ranges  0x00000000000000f0       0x48 build/default/debug/mcc_generated_files/system/src/pins.o
 .debug_ranges  0x0000000000000138       0x10 build/default/debug/mcc_generated_files/system/src/interrupt.o
 .debug_ranges  0x0000000000000148       0x18 build/default/debug/mcc_generated_files/timer/src/delay.o
 .debug_ranges  0x0000000000000160       0xf0 build/default/debug/mcc_generated_files/timer/src/tca0.o
 .debug_ranges  0x0000000000000250       0x10 build/default/debug/mcc_generated_files/vref/src/vref.o
 .debug_ranges  0x0000000000000260       0x48 build/default/debug/main.o
 .debug_ranges  0x00000000000002a8       0x28 build/default/debug/rios.o
 .debug_ranges  0x00000000000002d0       0x10 build/default/debug/fault.o

.debug_macro
 *(.debug_macro)
OUTPUT(dist/default/debug/CupWarmer.X.debug.elf elf32-avr)
LOAD linker stubs
LOAD data_init

.note.gnu.avr.deviceinfo
                0x0000000000000000       0x3c
 .note.gnu.avr.deviceinfo
                0x0000000000000000       0x3c C:/Program Files/Microchip/MPLABX/v6.20/packs/Microchip/ATtiny_DFP/3.1.260/xc8/avr/lib/avrxmega3/short-calls/crtattiny212.o

.bss.ADC0_resrdy_cb
                0x0000000000803fb7        0x2
 .bss.ADC0_resrdy_cb
                0x0000000000803fb7        0x2 build/default/debug/mcc_generated_files/adc/src/adc0.o
                0x0000000000803fb7                ADC0_resrdy_cb

.bss.ADC0_window_cb
                0x0000000000803fb9        0x2
 .bss.ADC0_window_cb
                0x0000000000803fb9        0x2 build/default/debug/mcc_generated_files/adc/src/adc0.o
                0x0000000000803fb9                ADC0_window_cb

.bss.IO_PA7_InterruptHandler
                0x0000000000803fbb        0x2
 .bss.IO_PA7_InterruptHandler
                0x0000000000803fbb        0x2 build/default/debug/mcc_generated_files/system/src/pins.o

.bss.IO_PA1_InterruptHandler
                0x0000000000803fbd        0x2
 .bss.IO_PA1_InterruptHandler
                0x0000000000803fbd        0x2 build/default/debug/mcc_generated_files/system/src/pins.o

.bss.IO_PA3_InterruptHandler
                0x0000000000803fbf        0x2
 .bss.IO_PA3_InterruptHandler
                0x0000000000803fbf        0x2 build/default/debug/mcc_generated_files/system/src/pins.o

.bss.IO_PA2_InterruptHandler
                0x0000000000803fc1        0x2
 .bss.IO_PA2_InterruptHandler
                0x0000000000803fc1        0x2 build/default/debug/mcc_generated_files/system/src/pins.o

.bss.IO_PA6_InterruptHandler
                0x0000000000803fc3        0x2
 .bss.IO_PA6_InterruptHandler
                0x0000000000803fc3        0x2 build/default/debug/mcc_generated_files/system/src/pins.o

.bss.TickFlag   0x0000000000803fc7        0x1
 .bss.TickFlag  0x0000000000803fc7        0x1 build/default/debug/rios.o
                0x0000000000803fc7                TickFlag

.bss.tasks      0x0000000000803f80       0x37
 .bss.tasks     0x0000000000803f80       0x37 build/default/debug/rios.o
                0x0000000000803f80                tasks

.bss.definedTasksNum
                0x0000000000803fc8        0x1
 .bss.definedTasksNum
                0x0000000000803fc8        0x1 build/default/debug/rios.o
                0x0000000000803fc8                definedTasksNum

.text.__vector_3
                0x0000000000000096       0xa0
 .text.__vector_3
                0x0000000000000096       0xa0 build/default/debug/mcc_generated_files/system/src/pins.o
                0x0000000000000096                __vector_3

.text.RIOS_DefineTask
                0x0000000000000136       0x9e
 .text.RIOS_DefineTask
                0x0000000000000136       0x9e build/default/debug/rios.o
                0x0000000000000136                RIOS_DefineTask

.text.RIOS_Run  0x00000000000001d4       0x8e
 .text.RIOS_Run
                0x00000000000001d4       0x8e build/default/debug/rios.o
                0x00000000000001d4                RIOS_Run

.text.libgcc.div
                0x0000000000000262       0x7e
 .text.libgcc.div
                0x0000000000000262       0x7e c:/program files/microchip/xc8/v2.46/avr/bin/../lib/gcc/avr/5.4.0/avrxmega3/short-calls\libgcc.a(_udivmod64.o)
                0x0000000000000262                __udivmod64

.text.PIN_MANAGER_Initialize
                0x00000000000002e0       0x66
 .text.PIN_MANAGER_Initialize
                0x00000000000002e0       0x66 build/default/debug/mcc_generated_files/system/src/pins.o
                0x00000000000002e0                PIN_MANAGER_Initialize

.text.__vector_18
                0x0000000000000346       0x58
 .text.__vector_18
                0x0000000000000346       0x58 build/default/debug/mcc_generated_files/adc/src/adc0.o
                0x0000000000000346                __vector_18

.text.__vector_17
                0x000000000000039e       0x58
 .text.__vector_17
                0x000000000000039e       0x58 build/default/debug/mcc_generated_files/adc/src/adc0.o
                0x000000000000039e                __vector_17

.text.__vector_8
                0x00000000000003f6       0x58
 .text.__vector_8
                0x00000000000003f6       0x58 build/default/debug/mcc_generated_files/timer/src/tca0.o
                0x00000000000003f6                __vector_8

.text.libgcc.div
                0x000000000000044e       0x56
 .text.libgcc.div
                0x000000000000044e       0x56 c:/program files/microchip/xc8/v2.46/avr/bin/../lib/gcc/avr/5.4.0/avrxmega3/short-calls\libgcc.a(_divdi3.o)
                0x000000000000044e                __moddi3
                0x0000000000000452                __divdi3
                0x0000000000000454                __divdi3_moddi3

.text.CLOCK_Initialize
                0x00000000000004a4       0x3c
 .text.CLOCK_Initialize
                0x00000000000004a4       0x3c build/default/debug/mcc_generated_files/system/src/clock.o
                0x00000000000004a4                CLOCK_Initialize

.text.TCA0_Initialize
                0x00000000000004e0       0x3c
 .text.TCA0_Initialize
                0x00000000000004e0       0x3c build/default/debug/mcc_generated_files/timer/src/tca0.o
                0x00000000000004e0                TCA0_Initialize

.text.startup.main
                0x000000000000051c       0x3a
 .text.startup.main
                0x000000000000051c       0x3a build/default/debug/main.o
                0x000000000000051c                main

.text.libgcc.prologue
                0x0000000000000556       0x32
 .text.libgcc.prologue
                0x0000000000000556       0x32 c:/program files/microchip/xc8/v2.46/avr/bin/../lib/gcc/avr/5.4.0/avrxmega3/short-calls\libgcc.a(_prologue.o)
                0x0000000000000556                __prologue_saves__

.text.libgcc.prologue
                0x0000000000000588       0x30
 .text.libgcc.prologue
                0x0000000000000588       0x30 c:/program files/microchip/xc8/v2.46/avr/bin/../lib/gcc/avr/5.4.0/avrxmega3/short-calls\libgcc.a(_epilogue.o)
                0x0000000000000588                __epilogue_restores__

.text.DELAY_microseconds
                0x00000000000005b8       0x2e
 .text.DELAY_microseconds
                0x00000000000005b8       0x2e build/default/debug/mcc_generated_files/timer/src/delay.o
                0x00000000000005b8                DELAY_microseconds

.text.ADC0_Initialize
                0x00000000000005e6       0x2c
 .text.ADC0_Initialize
                0x00000000000005e6       0x2c build/default/debug/mcc_generated_files/adc/src/adc0.o
                0x00000000000005e6                ADC0_Initialize

.text.faultHandler
                0x0000000000000612       0x2c
 .text.faultHandler
                0x0000000000000612       0x2c build/default/debug/fault.o
                0x0000000000000612                faultHandler

.text.ADC0_GetConversion
                0x000000000000063e       0x22
 .text.ADC0_GetConversion
                0x000000000000063e       0x22 build/default/debug/mcc_generated_files/adc/src/adc0.o
                0x000000000000063e                ADC0_GetConversion

.text.libgcc    0x0000000000000660       0x20
 .text.libgcc   0x0000000000000660       0x20 c:/program files/microchip/xc8/v2.46/avr/bin/../lib/gcc/avr/5.4.0/avrxmega3/short-calls\libgcc.a(_negdi2.o)
                0x0000000000000660                __negdi2

.text.libgcc.div
                0x0000000000000680       0x1a
 .text.libgcc.div
                0x0000000000000680       0x1a c:/program files/microchip/xc8/v2.46/avr/bin/../lib/gcc/avr/5.4.0/avrxmega3/short-calls\libgcc.a(_udivdi3.o)
                0x0000000000000680                __umoddi3
                0x0000000000000684                __udivdi3
                0x0000000000000686                __udivdi3_umoddi3

.text.CPUINT_Initialize
                0x000000000000069a       0x18
 .text.CPUINT_Initialize
                0x000000000000069a       0x18 build/default/debug/mcc_generated_files/system/src/interrupt.o
                0x000000000000069a                CPUINT_Initialize

.text.Tick_EnableOutput
                0x00000000000006b2       0x18
 .text.Tick_EnableOutput
                0x00000000000006b2       0x18 build/default/debug/main.o
                0x00000000000006b2                Tick_EnableOutput

.text.DELAY_milliseconds
                0x00000000000006ca       0x14
 .text.DELAY_milliseconds
                0x00000000000006ca       0x14 build/default/debug/mcc_generated_files/timer/src/delay.o
                0x00000000000006ca                DELAY_milliseconds

.text.VREF_Initialize
                0x00000000000006de       0x10
 .text.VREF_Initialize
                0x00000000000006de       0x10 build/default/debug/mcc_generated_files/vref/src/vref.o
                0x00000000000006de                VREF_Initialize

.text.TickISR   0x00000000000006ee       0x10
 .text.TickISR  0x00000000000006ee       0x10 build/default/debug/rios.o
                0x00000000000006ee                TickISR

.text.DAC0_Initialize
                0x00000000000006fe        0xe
 .text.DAC0_Initialize
                0x00000000000006fe        0xe build/default/debug/mcc_generated_files/dac/src/dac0.o
                0x00000000000006fe                DAC0_Initialize

.text.SYSTEM_Initialize
                0x000000000000070c        0xe
 .text.SYSTEM_Initialize
                0x000000000000070c        0xe build/default/debug/mcc_generated_files/system/src/system.o
                0x000000000000070c                SYSTEM_Initialize

.text.Tick_ControllerUpdateOpen
                0x000000000000071a        0xe
 .text.Tick_ControllerUpdateOpen
                0x000000000000071a        0xe build/default/debug/main.o
                0x000000000000071a                Tick_ControllerUpdateOpen

.text.exit      0x0000000000000728        0xe
 .text.exit     0x0000000000000728        0xe c:/program files/microchip/xc8/v2.46/avr/bin/../lib/gcc/avr/5.4.0/../../../../avr/lib/avrxmega3/short-calls\libc.a(exit.o)
                0x0000000000000728                exit

.text.TCA0_Start
                0x0000000000000736        0xc
 .text.TCA0_Start
                0x0000000000000736        0xc build/default/debug/mcc_generated_files/timer/src/tca0.o
                0x0000000000000736                TCA0_Start

.text.ADC0_GetConversionResult
                0x0000000000000742        0xa
 .text.ADC0_GetConversionResult
                0x0000000000000742        0xa build/default/debug/mcc_generated_files/adc/src/adc0.o
                0x0000000000000742                ADC0_GetConversionResult

.text.TCA0_OverflowCallbackRegister
                0x000000000000074c        0xa
 .text.TCA0_OverflowCallbackRegister
                0x000000000000074c        0xa build/default/debug/mcc_generated_files/timer/src/tca0.o
                0x000000000000074c                TCA0_OverflowCallbackRegister

.text.protected_write_io
                0x0000000000000756        0x8
 .text.protected_write_io
                0x0000000000000756        0x8 build/default/debug/mcc_generated_files/system/src/protected_io.o
                0x0000000000000756                protected_write_io

.text.Tick_LEDToggle
                0x000000000000075e        0x8
 .text.Tick_LEDToggle
                0x000000000000075e        0x8 build/default/debug/main.o
                0x000000000000075e                Tick_LEDToggle

.text.DAC0_SetOutput
                0x0000000000000766        0x6
 .text.DAC0_SetOutput
                0x0000000000000766        0x6 build/default/debug/mcc_generated_files/dac/src/dac0.o
                0x0000000000000766                DAC0_SetOutput

.text.RIOS_Initialize
                0x000000000000076c        0x6
 .text.RIOS_Initialize
                0x000000000000076c        0x6 build/default/debug/rios.o
                0x000000000000076c                RIOS_Initialize

.text           0x0000000000000772        0x2
 .text          0x0000000000000772        0x2 C:/Program Files/Microchip/MPLABX/v6.20/packs/Microchip/ATtiny_DFP/3.1.260/xc8/avr/lib/avrxmega3/short-calls/crtattiny212.o
                0x0000000000000772                __vector_22
                0x0000000000000772                __vector_1
                0x0000000000000772                __vector_24
                0x0000000000000772                __vector_12
                0x0000000000000772                __bad_interrupt
                0x0000000000000772                __vector_6
                0x0000000000000772                __vector_23
                0x0000000000000772                __vector_25
                0x0000000000000772                __vector_11
                0x0000000000000772                __vector_13
                0x0000000000000772                __vector_19
                0x0000000000000772                __vector_7
                0x0000000000000772                __vector_5
                0x0000000000000772                __vector_4
                0x0000000000000772                __vector_9
                0x0000000000000772                __vector_2
                0x0000000000000772                __vector_21
                0x0000000000000772                __vector_15
                0x0000000000000772                __vector_14
                0x0000000000000772                __vector_10
                0x0000000000000772                __vector_16
                0x0000000000000772                __vector_20

.text.IO_PA7_DefaultInterruptHandler
                0x0000000000000774        0x2
 .text.IO_PA7_DefaultInterruptHandler
                0x0000000000000774        0x2 build/default/debug/mcc_generated_files/system/src/pins.o
                0x0000000000000774                IO_PA7_DefaultInterruptHandler

.text.IO_PA1_DefaultInterruptHandler
                0x0000000000000776        0x2
 .text.IO_PA1_DefaultInterruptHandler
                0x0000000000000776        0x2 build/default/debug/mcc_generated_files/system/src/pins.o
                0x0000000000000776                IO_PA1_DefaultInterruptHandler

.text.IO_PA6_DefaultInterruptHandler
                0x0000000000000778        0x2
 .text.IO_PA6_DefaultInterruptHandler
                0x0000000000000778        0x2 build/default/debug/mcc_generated_files/system/src/pins.o
                0x0000000000000778                IO_PA6_DefaultInterruptHandler

.text.IO_PA2_DefaultInterruptHandler
                0x000000000000077a        0x2
 .text.IO_PA2_DefaultInterruptHandler
                0x000000000000077a        0x2 build/default/debug/mcc_generated_files/system/src/pins.o
                0x000000000000077a                IO_PA2_DefaultInterruptHandler

.text.IO_PA3_DefaultInterruptHandler
                0x000000000000077c        0x2
 .text.IO_PA3_DefaultInterruptHandler
                0x000000000000077c        0x2 build/default/debug/mcc_generated_files/system/src/pins.o
                0x000000000000077c                IO_PA3_DefaultInterruptHandler

.text.TCA0_DefaultOverflowCallbackRegister
                0x000000000000077e        0x2
 .text.TCA0_DefaultOverflowCallbackRegister
                0x000000000000077e        0x2 build/default/debug/mcc_generated_files/timer/src/tca0.o
                0x000000000000077e                TCA0_DefaultOverflowCallbackRegister

.text.__dummy_fini
                0x0000000000000780        0x2
 .text.__dummy_fini
                0x0000000000000780        0x2 c:/program files/microchip/xc8/v2.46/avr/bin/../lib/gcc/avr/5.4.0/../../../../avr/lib/avrxmega3/short-calls\libc.a(exit.o)
                0x0000000000000780                _fini

.text.__dummy_funcs_on_exit
                0x0000000000000782        0x2
 .text.__dummy_funcs_on_exit
                0x0000000000000782        0x2 c:/program files/microchip/xc8/v2.46/avr/bin/../lib/gcc/avr/5.4.0/../../../../avr/lib/avrxmega3/short-calls\libc.a(exit.o)
                0x0000000000000782                __funcs_on_exit

.text.__dummy_simulator_exit
                0x0000000000000784        0x2
 .text.__dummy_simulator_exit
                0x0000000000000784        0x2 c:/program files/microchip/xc8/v2.46/avr/bin/../lib/gcc/avr/5.4.0/../../../../avr/lib/avrxmega3/short-calls\libc.a(exit.o)
                0x0000000000000784                __simulator_exit

.text._Exit     0x0000000000000786        0x2
 .text._Exit    0x0000000000000786        0x2 c:/program files/microchip/xc8/v2.46/avr/bin/../lib/gcc/avr/5.4.0/../../../../avr/lib/avrxmega3/short-calls\libc.a(_Exit.o)
                0x0000000000000786                _Exit

.data.TCA0_OVF_isr_cb
                0x0000000000803fc5        0x2 load address 0x0000000000000788
 .data.TCA0_OVF_isr_cb
                0x0000000000803fc5        0x2 build/default/debug/mcc_generated_files/timer/src/tca0.o
                0x0000000000803fc5                TCA0_OVF_isr_cb
